
NFSSuppressed.hs:9:5:
     Variable not in scope: foo
     Perhaps you meant data constructor ‘Foo’ (line 7)
      NB: foo is Foo's field selector that has been suppressed by NoFieldSelectors