[1 of 2] Compiling DRFPatSynExport_A ( DRFPatSynExport_A.hs, DRFPatSynExport_A.o )
[2 of 2] Compiling DRFPatSynExport  ( DRFPatSynExport.hs, DRFPatSynExport.o )
import DRFPatSynExport_A ( MkT, m )
