["0","","main","Main","staticcallstack001.hs:16:20-34"]
["0","","caf","Main","staticcallstack001.hs:13:1-9"]
["15","D","main","Main","staticcallstack001.hs:18:30-39"]
